{
  "Distance": 0,
  "Hash": "9c9d38554fa39d837d266b78b2254bb1cb065d0a84dac67f2dd3339610394cf8",
  "ReferenceHash": "9c9d38554fa39d837d266b78b2254bb1cb065d0a84dac67f2dd3339610394cf8"
}
