{
  "Distance": 0,
  "Hash": "d9c3b2bf0d380a5676c0bf879abd452acc5833c3e6d502344c99d3ab36467995",
  "ReferenceHash": "d9c3b2bf0d380a5676c0bf879abd452acc5833c3e6d502344c99d3ab36467995"
}
