{
  "Distance": 0,
  "Hash": "9aad031d6523e6b119d8d8cd0647c1737f9d00c7f219ff84003e9e43de7261be",
  "ReferenceHash": "9aad031d6523e6b119d8d8cd0647c1737f9d00c7f219ff84003e9e43de7261be"
}
