{
  "Distance": 0,
  "Hash": "332139c13beb00016c8b40a380c3a7bf269bbede6eeebb50f3dcd1c4a1575d38",
  "ReferenceHash": "332139c13beb00016c8b40a380c3a7bf269bbede6eeebb50f3dcd1c4a1575d38"
}
