{
  "Distance": 0,
  "Hash": "86b3d259624c3b6933328db972d66cc42b66ce56e526f36e59b3848592d25e70",
  "ReferenceHash": "86b3d259624c3b6933328db972d66cc42b66ce56e526f36e59b3848592d25e70"
}
