{
  "Distance": 0,
  "Hash": "6ac578c17878e13ce33ea33f37bd3df1fc78d87eca360280168095a22da62c55",
  "ReferenceHash": "6ac578c17878e13ce33ea33f37bd3df1fc78d87eca360280168095a22da62c55"
}
