{
  "Distance": 0,
  "Hash": "7b7bdcc55221d4a4e49acdeea11aa0c35d4d72311a674756f4c07f1aaac4dcc4",
  "ReferenceHash": "7b7bdcc55221d4a4e49acdeea11aa0c35d4d72311a674756f4c07f1aaac4dcc4"
}
