{
  "Distance": 0,
  "Hash": "bea3f1a89903c913a8691f49590ccb6aeaa93c145617f678a63ca706f1f23af8",
  "ReferenceHash": "bea3f1a89903c913a8691f49590ccb6aeaa93c145617f678a63ca706f1f23af8"
}
