{
  "Distance": 0,
  "Hash": "6fe149d4cb36921fb28526c4edb089bdcb2f384e96496c999bd2e5361866e505",
  "ReferenceHash": "6fe149d4cb36921fb28526c4edb089bdcb2f384e96496c999bd2e5361866e505"
}
