{
  "Distance": 0,
  "Hash": "ff43bfd97c806482a4d39a5dd36cc3669b65924d32ff0036000c924d827f6fb6",
  "ReferenceHash": "ff43bfd97c806482a4d39a5dd36cc3669b65924d32ff0036000c924d827f6fb6"
}
