{
  "Distance": 0,
  "Hash": "9153f2543649005ae5968d95f831eff020371fedff8983f183ee0fe00b077e03",
  "ReferenceHash": "9153f2543649005ae5968d95f831eff020371fedff8983f183ee0fe00b077e03"
}
