{
  "Distance": 0,
  "Hash": "09920c910c995c8068983c9ea4ddb7c9f69c7e1d7a6f4d48e06ce0e51ea4fff6",
  "ReferenceHash": "09920c910c995c8068983c9ea4ddb7c9f69c7e1d7a6f4d48e06ce0e51ea4fff6"
}
