{
  "Distance": 0,
  "Hash": "367403720b3dcb1ba40132b65bd92dcbd5ec2267787495f8207b42d1deeced0c",
  "ReferenceHash": "367403720b3dcb1ba40132b65bd92dcbd5ec2267787495f8207b42d1deeced0c"
}
