{
  "Distance": 0,
  "Hash": "86c00fc9eee0db5dc4c0c4f055d0ece8f54d5458caf84b7c6c782e0fdc389673",
  "ReferenceHash": "86c00fc9eee0db5dc4c0c4f055d0ece8f54d5458caf84b7c6c782e0fdc389673"
}
