{
  "Distance": 0,
  "Hash": "8f0b327369e4670e963388614d8e59f232199c8dc5d27e4e7b4c633979ba9cc4",
  "ReferenceHash": "8f0b327369e4670e963388614d8e59f232199c8dc5d27e4e7b4c633979ba9cc4"
}
