{
  "Distance": 0,
  "Hash": "148a8685ebe131fa927cc627e503b0d09cfced1fa31333925cac4e6d8b7b1de0",
  "ReferenceHash": "148a8685ebe131fa927cc627e503b0d09cfced1fa31333925cac4e6d8b7b1de0"
}
