{
  "Distance": 0,
  "Hash": "c22d15c69332e87c68f31e8dbbd0e47ba83f5f90e64b101cd933ca6e0704b59b",
  "ReferenceHash": "c22d15c69332e87c68f31e8dbbd0e47ba83f5f90e64b101cd933ca6e0704b59b"
}
