{
  "Distance": 0,
  "Hash": "5878bba3e40d43e0ad25224a4abb37e1c859a5d6dc85db1396924aad2c5ebdce",
  "ReferenceHash": "5878bba3e40d43e0ad25224a4abb37e1c859a5d6dc85db1396924aad2c5ebdce"
}
