{
  "Distance": 0,
  "Hash": "2bad1839e69a394eda7ae19aa427f730bc431339014bd836566e4e13ebb4b4cc",
  "ReferenceHash": "2bad1839e69a394eda7ae19aa427f730bc431339014bd836566e4e13ebb4b4cc"
}
