{
  "Distance": 0,
  "Hash": "1d4926b38b209e1464ee6dcf3d86cbe1d2d10429212e9256c8cf4d997fd93ff0",
  "ReferenceHash": "1d4926b38b209e1464ee6dcf3d86cbe1d2d10429212e9256c8cf4d997fd93ff0"
}
