{
  "Distance": 0,
  "Hash": "5da95e6b537797fbe8a4b6d54c3a70e39493892485265a1da62d61ab93582c98",
  "ReferenceHash": "5da95e6b537797fbe8a4b6d54c3a70e39493892485265a1da62d61ab93582c98"
}
