{
  "Distance": 0,
  "Hash": "42e68ee0a557215bed5be5da07c34286fabef054f750f55c812aaaabe8017455",
  "ReferenceHash": "42e68ee0a557215bed5be5da07c34286fabef054f750f55c812aaaabe8017455"
}
