{
  "Distance": 0,
  "Hash": "ed60f4bc1d27eb51f694da272b0736a6fd32ad5e1493c556a16494a50364eb41",
  "ReferenceHash": "ed60f4bc1d27eb51f694da272b0736a6fd32ad5e1493c556a16494a50364eb41"
}
