{
  "Distance": 0,
  "Hash": "34c6f272b0334b390c3b773c2676b3060ce7b3234a2333704ee777704e66b327",
  "ReferenceHash": "34c6f272b0334b390c3b773c2676b3060ce7b3234a2333704ee777704e66b327"
}
