{
  "Distance": 0,
  "Hash": "0dfc5cc6e349b6fe7a032bfc83c3fc3819840f7af00b3eb44172f28f1e844543",
  "ReferenceHash": "0dfc5cc6e349b6fe7a032bfc83c3fc3819840f7af00b3eb44172f28f1e844543"
}
