{
  "Distance": 0,
  "Hash": "8cbcd0b9e9ceb73e89acc35b74a6334cce524eac2b56d308ec8d9bc45920a69c",
  "ReferenceHash": "8cbcd0b9e9ceb73e89acc35b74a6334cce524eac2b56d308ec8d9bc45920a69c"
}
