{
  "Distance": 0,
  "Hash": "e39be562b275882874ccab335cc6ef53908f46129dee0ff21d16c88cb0258bdd",
  "ReferenceHash": "e39be562b275882874ccab335cc6ef53908f46129dee0ff21d16c88cb0258bdd"
}
