{
  "Distance": 0,
  "Hash": "3c12707270ab7aef7ee600460e062e0f262f007f977c7251eabda9f575165532",
  "ReferenceHash": "3c12707270ab7aef7ee600460e062e0f262f007f977c7251eabda9f575165532"
}
