{
  "Distance": 0,
  "Hash": "06ced83346cee03389ceb03b61c2ba3f61f33607707300ceb81eedccaffe07c0",
  "ReferenceHash": "06ced83346cee03389ceb03b61c2ba3f61f33607707300ceb81eedccaffe07c0"
}
