{
  "Distance": 0,
  "Hash": "26593167d9f7cc5c36d831d2d924c74826db14f3d924671c36d3b475cb250a1d",
  "ReferenceHash": "26593167d9f7cc5c36d831d2d924c74826db14f3d924671c36d3b475cb250a1d"
}
