{
  "Distance": 0,
  "Hash": "926936e9b249b2692ccb6cdb2ccb924d39db4c9b4c9b926c926c6c996d916c9c",
  "ReferenceHash": "926936e9b249b2692ccb6cdb2ccb924d39db4c9b4c9b926c926c6c996d916c9c"
}
