{
  "Distance": 0,
  "Hash": "c9bc2c3134cac31f0e6769c0431a9fe0e09c341195feae2c9ca5558e6b79aafe",
  "ReferenceHash": "c9bc2c3134cac31f0e6769c0431a9fe0e09c341195feae2c9ca5558e6b79aafe"
}
