{
  "Distance": 0,
  "Hash": "fd04b32426d911b9db67e4cc9939ca67609bf49bdbc43113f092f273643688e4",
  "ReferenceHash": "fd04b32426d911b9db67e4cc9939ca67609bf49bdbc43113f092f273643688e4"
}
