{
  "Distance": 0,
  "Hash": "85ae60a9f15864f8abab5a3aa5f16b0ff0be654c9313f4676edc21b810623ec1",
  "ReferenceHash": "85ae60a9f15864f8abab5a3aa5f16b0ff0be654c9313f4676edc21b810623ec1"
}
