{
  "Distance": 0,
  "Hash": "397b2c6d25d3a49390da580c67f409179fc03677e2485ff909a63255b6ab45da",
  "ReferenceHash": "397b2c6d25d3a49390da580c67f409179fc03677e2485ff909a63255b6ab45da"
}
