{
  "Distance": 0,
  "Hash": "dee0b7cf35e00ddc0ff0ce1b57830203f0063e7b01bcf03fdf012ee3493e9249",
  "ReferenceHash": "dee0b7cf35e00ddc0ff0ce1b57830203f0063e7b01bcf03fdf012ee3493e9249"
}
