{
  "Distance": 0,
  "Hash": "5620e3278cda520563629dd3543ce36a8dd35638e3ef8d5b5830c3afa9d69d50",
  "ReferenceHash": "5620e3278cda520563629dd3543ce36a8dd35638e3ef8d5b5830c3afa9d69d50"
}
