{
  "Distance": 0,
  "Hash": "6e21e1007caf6fa871eedc2871aed8227caa91d33678b2ce3643ccd999126766",
  "ReferenceHash": "6e21e1007caf6fa871eedc2871aed8227caa91d33678b2ce3643ccd999126766"
}
