{
  "Distance": 0,
  "Hash": "226b89bace9f1cb0974e64b54993d24133b7b13d3db49a57dda8cc9aa4c9a444",
  "ReferenceHash": "226b89bace9f1cb0974e64b54993d24133b7b13d3db49a57dda8cc9aa4c9a444"
}
