{
  "Distance": 0,
  "Hash": "3246408b95360ee131e8e211976e2d67b0c523fe5c17e1cd0e1fe1beda5f702d",
  "ReferenceHash": "3246408b95360ee131e8e211976e2d67b0c523fe5c17e1cd0e1fe1beda5f702d"
}
