{
  "Distance": 0,
  "Hash": "c3e0710af8956bc844d27cb5e07cf043749e27f1e078f83c26250fe7d7e060f5",
  "ReferenceHash": "c3e0710af8956bc844d27cb5e07cf043749e27f1e078f83c26250fe7d7e060f5"
}
