{
  "Distance": 0,
  "Hash": "f6425b02b5cd08f07e0380f3de8d49594b707f22516cd64cab5b2699ad97b2e6",
  "ReferenceHash": "f6425b02b5cd08f07e0380f3de8d49594b707f22516cd64cab5b2699ad97b2e6"
}
