{
  "Distance": 0,
  "Hash": "639cbe65fcc11b9625beea10dce5f709663225749ce8fd0b621111aa99dcce41",
  "ReferenceHash": "639cbe65fcc11b9625beea10dce5f709663225749ce8fd0b621111aa99dcce41"
}
