{
  "Distance": 0,
  "Hash": "263d8637f66626c89b20996299b398cc3999399879cc679de649e671e26918e7",
  "ReferenceHash": "263d8637f66626c89b20996299b398cc3999399879cc679de649e671e26918e7"
}
