{
  "Distance": 0,
  "Hash": "00eca5534e584e77c873d9ec3b1e2a5b4c60dad60b4d529457b1d65620cfb3da",
  "ReferenceHash": "00eca5534e584e77c873d9ec3b1e2a5b4c60dad60b4d529457b1d65620cfb3da"
}
