{
  "Distance": 0,
  "Hash": "87c4f8010f73e0ff3c0683fc643f38809e528e3fcf8027391f1e701dc7fe700e",
  "ReferenceHash": "87c4f8010f73e0ff3c0683fc643f38809e528e3fcf8027391f1e701dc7fe700e"
}
