{
  "Distance": 0,
  "Hash": "738457e997f8dd78653b360eaa06e2a510242ef11969eeaf552f411eeed09930",
  "ReferenceHash": "738457e997f8dd78653b360eaa06e2a510242ef11969eeaf552f411eeed09930"
}
