{
  "Distance": 0,
  "Hash": "30ae8f5271ad8e73408f69e5361989f7c30b1cf5f34829bdd2604db72436a2cb",
  "ReferenceHash": "30ae8f5271ad8e73408f69e5361989f7c30b1cf5f34829bdd2604db72436a2cb"
}
