{
  "Distance": 0,
  "Hash": "75e83a9d8162c3727e8d01da1763f3e7e99a3c19566303ed1d96e018ea4d1e25",
  "ReferenceHash": "75e83a9d8162c3727e8d01da1763f3e7e99a3c19566303ed1d96e018ea4d1e25"
}
