{
  "Distance": 0,
  "Hash": "e1ebf5c8348c3e1c6f4969897e963bdf2bcbcf7c06bf10b643eb402d103440a1",
  "ReferenceHash": "e1ebf5c8348c3e1c6f4969897e963bdf2bcbcf7c06bf10b643eb402d103440a1"
}
